COMMAND:
quarto render /Users/mahaoxuan/Desktop/经济学论文/实证论文项目模板/Submissions/formal_package/manuscript/paper_candidate.qmd --to pdf --output paper_candidate.pdf

STDOUT:


STDERR:
pandoc --output paper_candidate.tex
  to: latex
  standalone: true
  pdf-engine: xelatex
  variables:
    graphics: true
    tables: true
  default-image-extension: pdf
  toc: true
  number-sections: true
  
metadata
  documentclass: scrartcl
  classoption:
    - DIV=11
    - numbers=noendperiod
  papersize: letter
  header-includes:
    - \KOMAoption{captions}{tableheading}
    - \usepackage{xeCJK}
    - \setCJKmainfont{Songti SC}
  block-headings: true
  engines:
    - path: /Applications/quarto/share/extension-subtrees/julia-engine/_extensions/julia-engine/julia-engine.js
  title: Formal Paper Candidate
  author: Local Empirical Research OS
  mainfont: Times New Roman
  CJKmainfont: Songti SC
  

Rendering PDF
running xelatex - 1
  This is XeTeX, Version 3.141592653-2.6-0.999998 (TeX Live 2026) (preloaded format=xelatex)
   restricted \write18 enabled.
  entering extended mode
  
running xelatex - 2
  This is XeTeX, Version 3.141592653-2.6-0.999998 (TeX Live 2026) (preloaded format=xelatex)
   restricted \write18 enabled.
  entering extended mode
  
running xelatex - 3
  This is XeTeX, Version 3.141592653-2.6-0.999998 (TeX Live 2026) (preloaded format=xelatex)
   restricted \write18 enabled.
  entering extended mode
  

Output created: ../paper_candidate.pdf

